[
  {
    "name": null,
    "method": "GET",
    "url": "https://api.example.com/users",
    "headers": [],
    "body": null,
    "assertions": [],
    "variables": [],
    "timeout": null,
    "connection_timeout": null,
    "depends_on": null,
    "conditions": [],
    "pre_delay_ms": null,
    "post_delay_ms": null
  }
]