[
  {
    "name": "login",
    "method": "POST",
    "url": "https://api.example.com/auth/login",
    "headers": [
      {
        "name": "Content-Type",
        "value": "application/json"
      }
    ],
    "body": "{\"username\":\"demo\",\"password\":\"secret\"}\n\n",
    "assertions": [],
    "variables": [],
    "timeout": null,
    "connection_timeout": null,
    "depends_on": null,
    "conditions": [],
    "pre_delay_ms": null,
    "post_delay_ms": null
  },
  {
    "name": null,
    "method": "GET",
    "url": "https://api.example.com/profile",
    "headers": [
      {
        "name": "Authorization",
        "value": "Bearer {{login.response.body.$.token}}"
      }
    ],
    "body": null,
    "assertions": [],
    "variables": [],
    "timeout": null,
    "connection_timeout": null,
    "depends_on": "login",
    "conditions": [
      {
        "request_name": "login",
        "condition_type": "Status",
        "expected_value": "200",
        "negate": false
      }
    ],
    "pre_delay_ms": null,
    "post_delay_ms": null
  }
]